// Jest Snapshot v1, https://goo.gl/fbAQLP

exports[`test all components test if card component renders correctly 1`] = `
<View
  accessible={true}
  focusable={true}
  onClick={[Function]}
  onResponderGrant={[Function]}
  onResponderMove={[Function]}
  onResponderRelease={[Function]}
  onResponderTerminate={[Function]}
  onResponderTerminationRequest={[Function]}
  onStartShouldSetResponder={[Function]}
  style={
    Object {
      "backgroundColor": "rgb(240, 248, 255)",
      "borderRadius": 8,
      "elevation": 5,
      "marginBottom": 11.5,
      "marginHorizontal": 8,
      "opacity": 1,
      "shadowColor": "#000",
      "shadowOffset": Object {
        "height": 2,
        "width": 0,
      },
      "shadowOpacity": 0.25,
      "shadowRadius": 3.84,
    }
  }
>
  <View
    style={
      Array [
        Object {
          "overflow": "hidden",
        },
        Array [
          Object {
            "flex": 1,
            "height": 295.5,
          },
          Object {
            "borderTopLeftRadius": 6.5,
            "borderTopRightRadius": 6.5,
            "height": 295.5,
          },
        ],
      ]
    }
  >
    <FastImageView
      onFastImageError={[Function]}
      resizeMode="cover"
      source={
        Object {
          "uri": "https://images.pexels.com/photos/3944454/pexels-photo-3944454.jpeg?auto=compress&cs=tinysrgb&dpr=2&w=500",
        }
      }
      style={
        Object {
          "bottom": 0,
          "left": 0,
          "position": "absolute",
          "right": 0,
          "top": 0,
        }
      }
    />
  </View>
  <View
    style={
      Object {
        "paddingHorizontal": 20,
        "paddingVertical": 24.5,
      }
    }
  >
    <Text
      style={
        Array [
          Object {
            "color": "rgb(77, 77, 77)",
            "fontSize": 26.5,
            "lineHeight": 33,
          },
          undefined,
          undefined,
        ]
      }
    >
      CHRISTMAS AND COVID: HOLIDAY PREDICTION FOR 2020
    </Text>
  </View>
</View>
`;

exports[`test all components test if comment container component renders correctly 1`] = `
<View
  style={
    Object {
      "flexDirection": "row",
      "marginBottom": 16.5,
      "marginRight": 40,
      "paddingHorizontal": 30,
    }
  }
>
  <View
    style={
      Object {
        "backgroundColor": "rgb(203, 219, 233)",
        "borderRadius": 17,
        "height": 34,
        "marginRight": 20,
        "width": 34,
      }
    }
    theme={
      Object {
        "colors": Object {
          "black": "#242424",
          "disabled": "hsl(208, 8%, 90%)",
          "divider": "#bcbbc1",
          "error": "#ff190c",
          "grey0": "#393e42",
          "grey1": "#43484d",
          "grey2": "#5e6977",
          "grey3": "#86939e",
          "grey4": "#bdc6cf",
          "grey5": "#e1e8ee",
          "greyOutline": "#bbb",
          "platform": Object {
            "android": Object {
              "error": "#f44336",
              "grey": "rgba(0, 0, 0, 0.54)",
              "primary": "#2196f3",
              "searchBg": "#dcdce1",
              "secondary": "#9C27B0",
              "success": "#4caf50",
              "warning": "#ffeb3b",
            },
            "default": Object {
              "error": "#ff3b30",
              "grey": "#7d7d7d",
              "primary": "#007aff",
              "searchBg": "#dcdce1",
              "secondary": "#5856d6",
              "success": "#4cd964",
              "warning": "#ffcc00",
            },
            "ios": Object {
              "error": "#ff3b30",
              "grey": "#7d7d7d",
              "primary": "#007aff",
              "searchBg": "#dcdce1",
              "secondary": "#5856d6",
              "success": "#4cd964",
              "warning": "#ffcc00",
            },
            "web": Object {
              "error": "#ff190c",
              "grey": "#393e42",
              "primary": "#2089dc",
              "searchBg": "#303337",
              "secondary": "#ca71eb",
              "success": "#52c41a",
              "warning": "#faad14",
            },
          },
          "primary": "#2089dc",
          "searchBg": "#303337",
          "secondary": "#ca71eb",
          "success": "#52c41a",
          "warning": "#faad14",
          "white": "#ffffff",
        },
      }
    }
  >
    <View
      accessibilityIgnoresInvertColors={true}
      style={
        Object {
          "backgroundColor": "transparent",
          "borderRadius": 17,
          "flex": 1,
          "overflow": "hidden",
          "position": "relative",
        }
      }
    >
      <Image
        borderRadius={17}
        onLoad={[Function]}
        style={
          Object {
            "bottom": 0,
            "flex": 1,
            "height": undefined,
            "left": 0,
            "position": "absolute",
            "right": 0,
            "top": 0,
            "width": undefined,
          }
        }
        testID="RNE__Image"
        theme={
          Object {
            "colors": Object {
              "black": "#242424",
              "disabled": "hsl(208, 8%, 90%)",
              "divider": "#bcbbc1",
              "error": "#ff190c",
              "grey0": "#393e42",
              "grey1": "#43484d",
              "grey2": "#5e6977",
              "grey3": "#86939e",
              "grey4": "#bdc6cf",
              "grey5": "#e1e8ee",
              "greyOutline": "#bbb",
              "platform": Object {
                "android": Object {
                  "error": "#f44336",
                  "grey": "rgba(0, 0, 0, 0.54)",
                  "primary": "#2196f3",
                  "searchBg": "#dcdce1",
                  "secondary": "#9C27B0",
                  "success": "#4caf50",
                  "warning": "#ffeb3b",
                },
                "default": Object {
                  "error": "#ff3b30",
                  "grey": "#7d7d7d",
                  "primary": "#007aff",
                  "searchBg": "#dcdce1",
                  "secondary": "#5856d6",
                  "success": "#4cd964",
                  "warning": "#ffcc00",
                },
                "ios": Object {
                  "error": "#ff3b30",
                  "grey": "#7d7d7d",
                  "primary": "#007aff",
                  "searchBg": "#dcdce1",
                  "secondary": "#5856d6",
                  "success": "#4cd964",
                  "warning": "#ffcc00",
                },
                "web": Object {
                  "error": "#ff190c",
                  "grey": "#393e42",
                  "primary": "#2089dc",
                  "searchBg": "#303337",
                  "secondary": "#ca71eb",
                  "success": "#52c41a",
                  "warning": "#faad14",
                },
              },
              "primary": "#2089dc",
              "searchBg": "#303337",
              "secondary": "#ca71eb",
              "success": "#52c41a",
              "warning": "#faad14",
              "white": "#ffffff",
            },
          }
        }
        transition={true}
        transitionDuration={360}
      />
      <View
        accessibilityElementsHidden={false}
        importantForAccessibility="yes"
        pointerEvents="auto"
        style={
          Object {
            "bottom": 0,
            "left": 0,
            "opacity": 1,
            "position": "absolute",
            "right": 0,
            "top": 0,
          }
        }
      >
        <View
          style={
            Object {
              "alignItems": "center",
              "backgroundColor": "transparent",
              "flex": 1,
              "height": undefined,
              "justifyContent": "center",
              "width": undefined,
            }
          }
          testID="RNE__Image__placeholder"
        >
          <Text
            style={
              Object {
                "backgroundColor": "transparent",
                "color": "rgb(77, 77, 77)",
                "fontSize": 17,
                "textAlign": "center",
              }
            }
          >
            r
          </Text>
        </View>
      </View>
      <View
        style={
          Object {
            "flex": 1,
            "height": undefined,
            "width": undefined,
          }
        }
        testID="RNE__Image__children__container"
      />
    </View>
  </View>
  <View>
    <Text
      style={
        Array [
          Object {
            "color": "rgb(77, 77, 77)",
            "fontSize": 19.5,
            "lineHeight": 23,
          },
          undefined,
          Object {
            "fontStyle": "italic",
          },
        ]
      }
    >
      Hello there
    </Text>
    <Text
      style={
        Array [
          Object {
            "color": "rgb(77, 77, 77)",
            "fontSize": 26.5,
            "lineHeight": 33,
          },
          undefined,
          Object {
            "fontWeight": "bold",
            "marginTop": 5,
          },
        ]
      }
    >
      ridwan
    </Text>
    <View
      style={
        Object {
          "alignItems": "center",
          "flexDirection": "row",
          "marginTop": 16.5,
        }
      }
    >
      <View
        style={
          Array [
            Object {
              "borderRadius": 3,
              "overflow": "hidden",
            },
            Object {
              "borderRadius": 3,
            },
            undefined,
            false,
          ]
        }
      >
        <View
          accessibilityRole="button"
          accessibilityState={
            Object {
              "busy": false,
              "disabled": false,
            }
          }
          accessible={true}
          focusable={true}
          onClick={[Function]}
          onResponderGrant={[Function]}
          onResponderMove={[Function]}
          onResponderRelease={[Function]}
          onResponderTerminate={[Function]}
          onResponderTerminationRequest={[Function]}
          onStartShouldSetResponder={[Function]}
          style={
            Object {
              "opacity": 1,
            }
          }
        >
          <View
            style={
              Object {
                "alignItems": "center",
                "backgroundColor": "transparent",
                "borderColor": "red",
                "borderRadius": 3,
                "borderWidth": 0.5,
                "flexDirection": "row",
                "height": 49.5,
                "justifyContent": "center",
                "marginRight": 20,
                "padding": 0,
                "width": 160,
              }
            }
          >
            <Text
              style={
                Object {
                  "color": "red",
                  "fontSize": 18,
                  "paddingVertical": 1,
                  "textAlign": "center",
                }
              }
            >
              Delete
            </Text>
          </View>
        </View>
      </View>
      <View
        style={
          Array [
            Object {
              "borderRadius": 3,
              "overflow": "hidden",
            },
            Object {
              "borderRadius": 3,
            },
            undefined,
            false,
          ]
        }
      >
        <View
          accessibilityRole="button"
          accessibilityState={
            Object {
              "busy": false,
              "disabled": false,
            }
          }
          accessible={true}
          focusable={true}
          onClick={[Function]}
          onResponderGrant={[Function]}
          onResponderMove={[Function]}
          onResponderRelease={[Function]}
          onResponderTerminate={[Function]}
          onResponderTerminationRequest={[Function]}
          onStartShouldSetResponder={[Function]}
          style={
            Object {
              "opacity": 1,
            }
          }
        >
          <View
            style={
              Object {
                "alignItems": "center",
                "backgroundColor": "rgb(45, 45, 211)",
                "borderColor": "red",
                "borderRadius": 3,
                "borderWidth": 0,
                "flexDirection": "row",
                "height": 49.5,
                "justifyContent": "center",
                "padding": 0,
                "width": 160,
              }
            }
          >
            <Text
              style={
                Object {
                  "color": "white",
                  "fontSize": 18,
                  "paddingVertical": 1,
                  "textAlign": "center",
                }
              }
            >
              Edit
            </Text>
          </View>
        </View>
      </View>
    </View>
  </View>
</View>
`;

exports[`test all components test if comment section component renders correctly 1`] = `
<View
  style={
    Object {
      "marginHorizontal": 20,
    }
  }
>
  <TextInput
    allowFontScaling={true}
    multiline={true}
    placeholder="Enter your comment"
    rejectResponderTermination={true}
    style={
      Object {
        "borderRadius": 5,
        "borderWidth": 1,
        "fontSize": 23,
        "height": 164.5,
        "marginBottom": 16.5,
        "paddingHorizontal": 20,
        "paddingVertical": 16.5,
      }
    }
    underlineColorAndroid="transparent"
  />
  <TextInput
    allowFontScaling={true}
    placeholder="Enter author's name"
    rejectResponderTermination={true}
    style={
      Object {
        "borderWidth": 1,
        "height": 49.5,
        "marginBottom": 24.5,
        "paddingHorizontal": 20,
      }
    }
    underlineColorAndroid="transparent"
  />
  <View
    accessible={true}
    focusable={false}
    onClick={[Function]}
    onResponderGrant={[Function]}
    onResponderMove={[Function]}
    onResponderRelease={[Function]}
    onResponderTerminate={[Function]}
    onResponderTerminationRequest={[Function]}
    onStartShouldSetResponder={[Function]}
    style={
      Object {
        "alignItems": "center",
        "backgroundColor": "rgb(77, 77, 77)",
        "borderRadius": 5,
        "flex": 1,
        "height": 65.5,
        "justifyContent": "center",
        "marginBottom": 49.5,
        "opacity": 1,
      }
    }
  >
    <Text
      style={
        Object {
          "color": "rgb(240, 248, 255)",
          "fontSize": 29.5,
        }
      }
    >
      Comment
    </Text>
  </View>
</View>
`;

exports[`test all components test if dialog box component renders correctly 1`] = `
<Modal
  hardwareAccelerated={false}
  transparent={true}
  visible={true}
>
  <View
    style={
      Object {
        "backgroundColor": "rgba(0,0,0,0.2)",
        "flex": 1,
        "justifyContent": "center",
      }
    }
  >
    <View
      style={
        Object {
          "alignSelf": "center",
          "backgroundColor": "rgb(240, 248, 255)",
          "borderRadius": 8,
          "elevation": 5,
          "paddingHorizontal": 40,
          "paddingVertical": 33,
          "position": "absolute",
          "shadowColor": "#000",
          "shadowOffset": Object {
            "height": 2,
            "width": 0,
          },
          "shadowOpacity": 0.25,
          "shadowRadius": 3.84,
          "width": 600,
        }
      }
    >
      <View
        onLayout={[Function]}
        style={
          Object {
            "paddingBottom": 0,
          }
        }
      >
        <View
          style={
            Object {
              "paddingHorizontal": 10,
              "width": "100%",
            }
          }
        >
          <View
            style={
              Object {
                "alignItems": "center",
                "borderBottomWidth": 1,
                "borderColor": "#86939e",
                "flexDirection": "row",
                "transform": Array [
                  Object {
                    "translateX": 0,
                  },
                ],
              }
            }
          >
            <TextInput
              allowFontScaling={true}
              defaultValue="Ridwan"
              editable={true}
              placeholder="Author"
              placeholderTextColor="#86939e"
              rejectResponderTermination={true}
              style={
                Object {
                  "color": "#242424",
                  "flex": 1,
                  "fontSize": 18,
                  "minHeight": 40,
                }
              }
              testID="RNE__Input__text-input"
              underlineColorAndroid="transparent"
            />
          </View>
          <Text
            style={
              Object {
                "color": "#ff190c",
                "fontSize": 12,
                "margin": 5,
              }
            }
          />
        </View>
        <View
          style={
            Object {
              "paddingHorizontal": 10,
              "width": "100%",
            }
          }
        >
          <View
            style={
              Object {
                "alignItems": "center",
                "borderBottomWidth": 1,
                "borderColor": "#86939e",
                "flexDirection": "row",
                "transform": Array [
                  Object {
                    "translateX": 0,
                  },
                ],
              }
            }
          >
            <TextInput
              allowFontScaling={true}
              defaultValue="Hello from the other side"
              editable={true}
              multiline={true}
              placeholder="Content"
              placeholderTextColor="#86939e"
              rejectResponderTermination={true}
              style={
                Object {
                  "color": "#242424",
                  "flex": 1,
                  "fontSize": 18,
                  "minHeight": 40,
                }
              }
              testID="RNE__Input__text-input"
              underlineColorAndroid="transparent"
            />
          </View>
          <Text
            style={
              Object {
                "color": "#ff190c",
                "fontSize": 12,
                "margin": 5,
              }
            }
          />
        </View>
        <View
          style={
            Object {
              "flexDirection": "row",
              "justifyContent": "space-around",
            }
          }
        >
          <View
            style={
              Array [
                Object {
                  "borderRadius": 3,
                  "overflow": "hidden",
                },
                Object {
                  "borderRadius": 3,
                },
                Object {
                  "flex": 1,
                },
                Object {
                  "backgroundColor": "#fff",
                  "overflow": "visible",
                  "shadowColor": "rgba(0,0,0, .4)",
                  "shadowOffset": Object {
                    "height": 1,
                    "width": 1,
                  },
                  "shadowOpacity": 1,
                  "shadowRadius": 1,
                },
              ]
            }
          >
            <View
              accessibilityRole="button"
              accessibilityState={
                Object {
                  "busy": false,
                  "disabled": false,
                }
              }
              accessible={true}
              focusable={true}
              onClick={[Function]}
              onResponderGrant={[Function]}
              onResponderMove={[Function]}
              onResponderRelease={[Function]}
              onResponderTerminate={[Function]}
              onResponderTerminationRequest={[Function]}
              onStartShouldSetResponder={[Function]}
              style={
                Object {
                  "opacity": 1,
                }
              }
            >
              <View
                style={
                  Object {
                    "alignItems": "center",
                    "backgroundColor": "transparent",
                    "borderColor": "#2089dc",
                    "borderRadius": 3,
                    "borderWidth": 0.5,
                    "flexDirection": "row",
                    "justifyContent": "center",
                    "padding": 8,
                  }
                }
              >
                <Text
                  style={
                    Object {
                      "color": "#2089dc",
                      "fontSize": 18,
                      "paddingVertical": 1,
                      "textAlign": "center",
                    }
                  }
                >
                  cancel
                </Text>
              </View>
            </View>
          </View>
          <View
            style={
              Array [
                Object {
                  "borderRadius": 3,
                  "overflow": "hidden",
                },
                Object {
                  "borderRadius": 3,
                },
                Object {
                  "flex": 1,
                },
                false,
              ]
            }
          >
            <View
              accessibilityRole="button"
              accessibilityState={
                Object {
                  "busy": false,
                  "disabled": false,
                }
              }
              accessible={true}
              focusable={true}
              onClick={[Function]}
              onResponderGrant={[Function]}
              onResponderMove={[Function]}
              onResponderRelease={[Function]}
              onResponderTerminate={[Function]}
              onResponderTerminationRequest={[Function]}
              onStartShouldSetResponder={[Function]}
              style={
                Object {
                  "opacity": 1,
                }
              }
            >
              <View
                style={
                  Object {
                    "alignItems": "center",
                    "backgroundColor": "#2089dc",
                    "borderColor": "#2089dc",
                    "borderRadius": 3,
                    "borderWidth": 0,
                    "flexDirection": "row",
                    "justifyContent": "center",
                    "padding": 8,
                  }
                }
              >
                <Text
                  style={
                    Object {
                      "color": "white",
                      "fontSize": 18,
                      "paddingVertical": 1,
                      "textAlign": "center",
                    }
                  }
                >
                  submit
                </Text>
              </View>
            </View>
          </View>
        </View>
      </View>
    </View>
  </View>
</Modal>
`;
